Entry number,Title,Author,Error,Transaction,Transaction number
,"“Bharat Singh’s Stuffed Otter”: discovery in 1818 of Ailurus fulgens, the Himalayan red panda","Watson, Mark F.",No errors,"{'ExternalUserId': 'asingh39@ncsu.edu', 'RequestType': 'Article', 'ProcessType': 'Borrowing', 'DocumentType': 'Article', 'PhotoJournalTitle': 'Archives of natural history', 'PhotoArticleTitle': '“Bharat Singh’s Stuffed Otter”: discovery in 1818 of Ailurus fulgens, the Himalayan red panda', 'PhotoArticleAuthor': 'Watson, Mark F.', 'PhotoJournalVolume': '50', 'PhotoJournalIssue': '1', 'PhotoJournalYear': '2023', 'PhotoJournalInclusivePages': '85-100', 'DOI': '10.3366/anh.2023.0830', 'ISSN': '0260-9541'}",n/a
,Predicting the distribution of a rare chipmunk,"Perkins-Taylor, Ian E.; Frey, Jennifer K.",No errors,"{'ExternalUserId': 'asingh39@ncsu.edu', 'RequestType': 'Article', 'ProcessType': 'Borrowing', 'DocumentType': 'Article', 'PhotoJournalTitle': 'Journal of mammalogy', 'PhotoArticleTitle': 'Predicting the distribution of a rare chipmunk', 'PhotoArticleAuthor': 'Perkins-Taylor, Ian E.; Frey, Jennifer K.', 'PhotoJournalVolume': '101', 'PhotoJournalIssue': '4', 'PhotoJournalYear': '2019', 'PhotoJournalInclusivePages': '', 'DOI': '', 'ISSN': '0022-2372'}",n/a
,Tufted Titmouse and Black-crested Titmouse: Baeolophus bicolor and Baeolophus atricristatus,"LOCKWOOD, MARK W.",No errors,"{'ExternalUserId': 'asingh39@ncsu.edu', 'RequestType': 'Article', 'ProcessType': 'Borrowing', 'DocumentType': 'Book Chapter', 'PhotoJournalTitle': 'Basic Texas Birds', 'PhotoArticleTitle': 'Tufted Titmouse and Black-crested Titmouse: Baeolophus bicolor and Baeolophus atricristatus', 'PhotoArticleAuthor': 'LOCKWOOD, MARK W.', 'PhotoJournalVolume': '', 'PhotoJournalIssue': '', 'PhotoJournalYear': '2014', 'PhotoJournalInclusivePages': '254', 'DOI': '', 'ISSN': '9780292713499;0292713495;'}",n/a
,Why cats paint : a theory of feline aesthetics,"Busch, Heather; Silver, Burton; Animal Rights Network Collection (North Carolina State University)",No errors,"{'ExternalUserId': 'asingh39@ncsu.edu', 'ItemInfo4': 'Hill', 'RequestType': 'Loan', 'ProcessType': 'Borrowing', 'DocumentType': 'Book', 'LoanTitle': 'Why cats paint : a theory of feline aesthetics', 'LoanAuthor': 'Busch, Heather; Silver, Burton; Animal Rights Network Collection (North Carolina State University)', 'LoanDate': '1994', 'ISSN': '0-89815-612-2', 'LoanPublisher': 'Ten Speed Press'}",n/a
,Parakeet Logic,"Karty, Lindsay",No errors,"{'ExternalUserId': 'asingh39@ncsu.edu', 'ItemInfo4': 'Hill', 'RequestType': 'Loan', 'ProcessType': 'Borrowing', 'DocumentType': 'Thesis', 'LoanTitle': 'Parakeet Logic', 'LoanAuthor': 'Karty, Lindsay', 'LoanDate': '2015', 'ISSN': '', 'LoanPublisher': 'ProQuest Dissertations Publishing'}",n/a
,Preliminary study: paired clownfish (Amphiprion sp.) spawning pattern in indoor rearing system,"Sahusilawane, HA; Junior, MZ; Suprayudi, MA; Soelistyowati, DT; Tumbelaka, LITA; Effendi, I",No errors,"{'ExternalUserId': 'asingh39@ncsu.edu', 'RequestType': 'Article', 'ProcessType': 'Borrowing', 'DocumentType': 'Conference', 'PhotoJournalTitle': '4TH EMBRIO INTERNATIONAL SYMPOSIUM AND THE 7TH INTERNATIONAL SYMPOSIUM OF EAST ASIA FISHERIES AND TECHNOLOGISTS ASSOCIATION', 'PhotoArticleTitle': 'Preliminary study: paired clownfish (Amphiprion sp.) spawning pattern in indoor rearing system', 'PhotoArticleAuthor': 'Sahusilawane, HA; Junior, MZ; Suprayudi, MA; Soelistyowati, DT; Tumbelaka, LITA; Effendi, I', 'PhotoJournalVolume': '404', 'PhotoJournalIssue': '', 'PhotoJournalYear': '2019', 'PhotoJournalInclusivePages': '', 'DOI': '10.1088/1755-1315/404/1/012034', 'ISSN': ''}",n/a
